// Jest Snapshot v1, https://goo.gl/fbAQLP

exports[`matches snapshot 1`] = `
<div>
  <button
    className="Button-style"
    data-testid="button"
  >
    hid 
  </button>
</div>
`;
